n/objeto_304.jpg
n/objeto_303.jpg
n/objeto_302.jpg
n/objeto_301.jpg
n/objeto_300.jpg
n/objeto_299.jpg
n/objeto_298.jpg
n/objeto_297.jpg
n/objeto_295.jpg
n/objeto_294.jpg
n/objeto_293.jpg
n/objeto_292.jpg
n/objeto_291.jpg
n/objeto_290.jpg
n/objeto_289.jpg
n/objeto_288.jpg
n/objeto_287.jpg
n/objeto_286.jpg
n/objeto_206.jpg
n/objeto_205.jpg
n/objeto_204.jpg
n/objeto_203.jpg
n/objeto_202.jpg
n/objeto_201.jpg
n/objeto_200.jpg
n/objeto_199.jpg
n/objeto_198.jpg
n/objeto_197.jpg
n/objeto_196.jpg
n/objeto_195.jpg
n/objeto_194.jpg
n/objeto_193.jpg
n/objeto_192.jpg
n/objeto_191.jpg
n/objeto_190.jpg
n/objeto_189.jpg
n/objeto_188.jpg
n/objeto_187.jpg
n/objeto_186.jpg
n/objeto_185.jpg
n/objeto_184.jpg
n/objeto_183.jpg
n/objeto_182.jpg
n/objeto_181.jpg
n/objeto_180.jpg
n/objeto_179.jpg
n/objeto_178.jpg
n/objeto_177.jpg
n/objeto_176.jpg
n/objeto_114.jpg
n/objeto_113.jpg
n/objeto_112.jpg
n/objeto_111.jpg
n/objeto_110.jpg
n/objeto_109.jpg
n/objeto_108.jpg
n/objeto_107.jpg
n/objeto_106.jpg
n/objeto_105.jpg
n/objeto_104.jpg
n/objeto_103.jpg
n/objeto_102.jpg
n/objeto_101.jpg
n/objeto_100.jpg
n/objeto_99.jpg
n/objeto_98.jpg
n/objeto_97.jpg
n/objeto_96.jpg
n/objeto_95.jpg
n/objeto_94.jpg
n/objeto_93.jpg
n/objeto_92.jpg
n/objeto_91.jpg
n/objeto_90.jpg
n/objeto_89.jpg
n/objeto_88.jpg
n/objeto_87.jpg
n/objeto_86.jpg
n/objeto_85.jpg
n/objeto_84.jpg
n/objeto_83.jpg
n/objeto_82.jpg
n/objeto_81.jpg
n/objeto_80.jpg
n/objeto_79.jpg
n/objeto_78.jpg
n/objeto_77.jpg
n/objeto_76.jpg
n/objeto_75.jpg
n/objeto_74.jpg
n/objeto_73.jpg
n/objeto_72.jpg
n/objeto_71.jpg
n/objeto_70.jpg
n/objeto_69.jpg
n/objeto_68.jpg
n/objeto_67.jpg
n/objeto_66.jpg